// Jest Snapshot v1, https://goo.gl/fbAQLP

exports[`Counter Component should match snapshot 1`] = `
Array [
  <p>
    Current Count: 
    0
  </p>,
  <button
    data-testid="increase-button"
    onClick={[Function]}
  >
    Increment Count
  </button>,
  <button
    data-testid="decrease-button"
    onClick={[Function]}
  >
    Increment Count
  </button>,
]
`;
